
> ai-debug-explainer@0.0.1 compile
> tsc -p ./

